I'm sorry, but errors were detected in your script. Please correct the
errors listed below, and try again.


File "game/script.rpy", line 4: Line is indented, but the preceding define statement statement does not expect a block. Please check this line's indentation. You may have forgotten a colon (:).
    screen stretched_bg(bg_image):
    ^

Ren'Py Version: Ren'Py 8.3.4.24120703
Sun Feb 23 17:36:44 2025
